// Jest Snapshot v1, https://goo.gl/fbAQLP

exports[`login user can not log in with incorrect password 1`] = `
Object {
  "data": Object {
    "login": null,
  },
  "errors": Array [
    [GraphQLError: User can not be authenticated.],
  ],
}
`;
